// Jest Snapshot v1, https://goo.gl/fbAQLP

exports[`naked_block.js format 1`] = `
====================================options=====================================
parsers: ["babel"]
printWidth: 80
                                                                                | printWidth
=====================================input======================================
{
    console.log(1);
}

=====================================output=====================================
(function () {
    console.log(1);
}());

================================================================================
`;
